sys-libs/slang makeopts-broken.conf

# Smooth out multitasking
# The choice of the compiler with different N values for MAKEOPTS=-jN
# may affect the responsiveness.
>=dev-cpp/tbb-2021:0 makeopts-plain.conf # It may randomly freeze the computer when building with -j$(2xCPUs).
dev-haskell/aeson makeopts-swappy.conf
dev-lang/ghc makeopts-swappy.conf
dev-lang/spidermonkey makeopts-severe-swapping.conf
dev-libs/boost makeopts-swappy.conf
dev-qt/qtdeclarative makeopts-swappy.conf
dev-qt/qtwebengine makeopts-swappy.conf
dev-util/binaryen makeopts-swappy.conf
dev-util/shellcheck makeopts-swappy.conf
liri-base/aurora-compositor makeopts-swappy.conf
llvm-core/clang makeopts-severe-swapping.conf
llvm-core/llvm makeopts-swappy.conf
media-gfx/blender makeopts-swappy.conf
media-gfx/nanovdb makeopts-severe-swapping.conf
media-gfx/openvdb makeopts-severe-swapping.conf # 8.2 works, but 9.x has build time problem or unmergable
media-libs/libaom makeopts-swappy.conf
media-libs/oidn makeopts-swappy.conf
media-libs/openusd makeopts-swappy.conf
media-libs/osl makeopts-swappy.conf
sci-libs/tensorflow makeopts-severe-swapping.conf
sys-devel/gcc makeopts-swappy.conf
net-libs/nodejs makeopts-gcc-swappy.conf makeopts-clang-plain.conf
net-libs/webkit-gtk makeopts-swappy.conf
www-client/chromium makeopts-swappy.conf
www-client/firefox makeopts-severe-swapping.conf
